POST /api/v1/admission/request
request content-type: application/json
request body: "{\"context\":{\"request_id\":\"cmVxdWVzdA\",\"correlation_id\":\"Y29ycmVsYXRpb24\",\"reason_code\":\"llm_gateway_call\",\"reason_detail\":\"detail\",\"deadline\":\"2026-09-06T14:01:02.5+02:00\"},\"id\":\"YWI=\",\"idempotency_key\":\"a2V5\",\"token_id\":\"dG9rZW4\",\"agent_id\":\"YWdlbnQ\",\"agent_generation\":3,\"capability\":\"llm.gateway\",\"action\":\"complete\",\"source_id\":\"c291cmNl\",\"policy_id\":\"cG9saWN5\",\"object_id\":\"b2JqZWN0\",\"effects\":[\"egresses-content\",\"reads-corpus\"],\"input\":{\"prompt_digest\":\"abc\",\"n\":1},\"disclosures\":[\"ZG9jLWE\",\"ZG9jLWI\"],\"lease\":60000000000}"
provider calls: 0
status: 400
content-type: application/json; charset=utf-8
shoal-commit-outcome: 
body: "{\"code\":\"invalid_argument\",\"message\":\"invalid_argument: admission ID is invalid\"}\n"
